=/pretest.json
{
  _: [],
  f: [
    '/home/runner/work/ds-physical-clocks.expt/ds-physical-clocks.expt/experiment/pretest.json'
  ],
  files: [
    '/home/runner/work/ds-physical-clocks.expt/ds-physical-clocks.expt/experiment/pretest.json'
  ],
  c: 'assessment',
  contentTypes: 'assessment',
  'content-types': 'assessment',
  '$0': 'validate'
}
Validated true
=/posttest.json
{
  _: [],
  f: [
    '/home/runner/work/ds-physical-clocks.expt/ds-physical-clocks.expt/experiment/posttest.json'
  ],
  files: [
    '/home/runner/work/ds-physical-clocks.expt/ds-physical-clocks.expt/experiment/posttest.json'
  ],
  c: 'assessment',
  contentTypes: 'assessment',
  'content-types': 'assessment',
  '$0': 'validate'
}
Validated true
